XV6_TEST_OUTPUT After vmalloc huge, 200 bytes - program base pages:0 huge pages:1
