XV6_TEST_OUTPUT After first vmalloc huge, 4 MB - program base pages:0 huge pages:2
XV6_TEST_OUTPUT After second vmalloc, 100 bytes - program base pages:8 huge pages:2
XV6_TEST_OUTPUT After third vmalloc, 5000 bytes - program base pages:8 huge pages:2
PDE 120 found
PDE 121 found
